Godot Engine v4.7.2.stable.official.ed1daf0bf - https://godotengine.org

[   0% ] [90m[1mfirst_scan_filesystem[22m | Started 项目初始化 (5 steps)[39m[0m
[   0% ] [90m[1mfirst_scan_filesystem[22m | 正在扫描文件结构……[39m[0m
[  16% ] [90m[1mfirst_scan_filesystem[22m | 正在加载全局类名……[39m[0m
[  33% ] [90m[1mfirst_scan_filesystem[22m | 正在校验 GDExtension……[39m[0m
[  50% ] [90m[1mfirst_scan_filesystem[22m | 正在创建自动加载脚本……[39m[0m
[  66% ] [90m[1mfirst_scan_filesystem[22m | 正在初始化插件……[39m[0m
[  83% ] [90m[1mfirst_scan_filesystem[22m | 正在启动文件扫描……[39m[0m
[92m[ DONE ][39m [1mfirst_scan_filesystem[22m
[0m
[   0% ] [90m[1mupdate_scripts_classes[22m | Started 正在注册全局类…… (70 steps)[39m[0m
[   0% ] [90m[1mupdate_scripts_classes[22m | [39m[0m
[   1% ] [90m[1mupdate_scripts_classes[22m | [39m[0m
[   2% ] [90m[1mupdate_scripts_classes[22m | [39m[0m
[   4% ] [90m[1mupdate_scripts_classes[22m | DefenseMech[39m[0m
[   5% ] [90m[1mupdate_scripts_classes[22m | [39m[0m
[   7% ] [90m[1mupdate_scripts_classes[22m | [39m[0m
[   8% ] [90m[1mupdate_scripts_classes[22m | [39m[0m
[   9% ] [90m[1mupdate_scripts_classes[22m | [39m[0m
[  11% ] [90m[1mupdate_scripts_classes[22m | MechanicalSoldier[39m[0m
[  12% ] [90m[1mupdate_scripts_classes[22m | [39m[0m
[  14% ] [90m[1mupdate_scripts_classes[22m | [39m[0m
[  15% ] [90m[1mupdate_scripts_classes[22m | [39m[0m
[  16% ] [90m[1mupdate_scripts_classes[22m | [39m[0m
[  18% ] [90m[1mupdate_scripts_classes[22m | [39m[0m
[  19% ] [90m[1mupdate_scripts_classes[22m | [39m[0m
[  21% ] [90m[1mupdate_scripts_classes[22m | [39m[0m
[  22% ] [90m[1mupdate_scripts_classes[22m | [39m[0m
[  23% ] [90m[1mupdate_scripts_classes[22m | [39m[0m
[  25% ] [90m[1mupdate_scripts_classes[22m | [39m[0m
[  26% ] [90m[1mupdate_scripts_classes[22m | [39m[0m
[  28% ] [90m[1mupdate_scripts_classes[22m | [39m[0m
[  29% ] [90m[1mupdate_scripts_classes[22m | [39m[0m
[  30% ] [90m[1mupdate_scripts_classes[22m | [39m[0m
[  32% ] [90m[1mupdate_scripts_classes[22m | [39m[0m
[  33% ] [90m[1mupdate_scripts_classes[22m | [39m[0m
[  35% ] [90m[1mupdate_scripts_classes[22m | [39m[0m
[  36% ] [90m[1mupdate_scripts_classes[22m | [39m[0m
[  38% ] [90m[1mupdate_scripts_classes[22m | [39m[0m
[  39% ] [90m[1mupdate_scripts_classes[22m | [39m[0m
[  40% ] [90m[1mupdate_scripts_classes[22m | [39m[0m
[  42% ] [90m[1mupdate_scripts_classes[22m | [39m[0m
[  43% ] [90m[1mupdate_scripts_classes[22m | [39m[0m
[  45% ] [90m[1mupdate_scripts_classes[22m | [39m[0m
[  46% ] [90m[1mupdate_scripts_classes[22m | [39m[0m
[  47% ] [90m[1mupdate_scripts_classes[22m | [39m[0m
[  49% ] [90m[1mupdate_scripts_classes[22m | [39m[0m
[  50% ] [90m[1mupdate_scripts_classes[22m | [39m[0m
[  52% ] [90m[1mupdate_scripts_classes[22m | [39m[0m
[  53% ] [90m[1mupdate_scripts_classes[22m | [39m[0m
[  54% ] [90m[1mupdate_scripts_classes[22m | [39m[0m
[  56% ] [90m[1mupdate_scripts_classes[22m | [39m[0m
[  57% ] [90m[1mupdate_scripts_classes[22m | [39m[0m
[  59% ] [90m[1mupdate_scripts_classes[22m | [39m[0m
[  60% ] [90m[1mupdate_scripts_classes[22m | [39m[0m
[  61% ] [90m[1mupdate_scripts_classes[22m | [39m[0m
[  63% ] [90m[1mupdate_scripts_classes[22m | [39m[0m
[  64% ] [90m[1mupdate_scripts_classes[22m | [39m[0m
[  66% ] [90m[1mupdate_scripts_classes[22m | [39m[0m
[  67% ] [90m[1mupdate_scripts_classes[22m | [39m[0m
[  69% ] [90m[1mupdate_scripts_classes[22m | [39m[0m
[  70% ] [90m[1mupdate_scripts_classes[22m | [39m[0m
[  71% ] [90m[1mupdate_scripts_classes[22m | [39m[0m
[  73% ] [90m[1mupdate_scripts_classes[22m | [39m[0m
[  74% ] [90m[1mupdate_scripts_classes[22m | [39m[0m
[  76% ] [90m[1mupdate_scripts_classes[22m | [39m[0m
[  77% ] [90m[1mupdate_scripts_classes[22m | [39m[0m
[  78% ] [90m[1mupdate_scripts_classes[22m | [39m[0m
[  80% ] [90m[1mupdate_scripts_classes[22m | [39m[0m
[  81% ] [90m[1mupdate_scripts_classes[22m | [39m[0m
[  83% ] [90m[1mupdate_scripts_classes[22m | [39m[0m
[  84% ] [90m[1mupdate_scripts_classes[22m | [39m[0m
[  85% ] [90m[1mupdate_scripts_classes[22m | [39m[0m
[  87% ] [90m[1mupdate_scripts_classes[22m | [39m[0m
[  88% ] [90m[1mupdate_scripts_classes[22m | [39m[0m
[  90% ] [90m[1mupdate_scripts_classes[22m | [39m[0m
[  91% ] [90m[1mupdate_scripts_classes[22m | [39m[0m
[  92% ] [90m[1mupdate_scripts_classes[22m | [39m[0m
[  94% ] [90m[1mupdate_scripts_classes[22m | [39m[0m
[  95% ] [90m[1mupdate_scripts_classes[22m | [39m[0m
[  97% ] [90m[1mupdate_scripts_classes[22m | [39m[0m
[92m[ DONE ][39m [1mupdate_scripts_classes[22m
[0m
[   0% ] [90m[1m_update_scan_actions[22m | Started 正在扫描动作…… (26 steps)[39m[0m
[   0% ] [90m[1m_update_scan_actions[22m | death_fall.wav[39m[0m
[   3% ] [90m[1m_update_scan_actions[22m | death_health.wav[39m[0m
[   7% ] [90m[1m_update_scan_actions[22m | enemy_shot.wav[39m[0m
[  11% ] [90m[1m_update_scan_actions[22m | enemy_warning.wav[39m[0m
[  14% ] [90m[1m_update_scan_actions[22m | hit_confirm.wav[39m[0m
[  18% ] [90m[1m_update_scan_actions[22m | mech_charge_warning.wav[39m[0m
[  22% ] [90m[1m_update_scan_actions[22m | operative_hurt.wav[39m[0m
[  25% ] [90m[1m_update_scan_actions[22m | player_shot.wav[39m[0m
[  29% ] [90m[1m_update_scan_actions[22m | atlas.png[39m[0m
[  33% ] [90m[1m_update_scan_actions[22m | source.png[39m[0m
[  37% ] [90m[1m_update_scan_actions[22m | gate.png[39m[0m
[  40% ] [90m[1m_update_scan_actions[22m | base_tiles.png[39m[0m
[  44% ] [90m[1m_update_scan_actions[22m | defense_mech.png[39m[0m
[  48% ] [90m[1m_update_scan_actions[22m | hangar_deck.png[39m[0m
[  51% ] [90m[1m_update_scan_actions[22m | hangar_far.png[39m[0m
[  55% ] [90m[1m_update_scan_actions[22m | hangar_mid.png[39m[0m
[  59% ] [90m[1m_update_scan_actions[22m | mechanical_soldier.png[39m[0m
[  62% ] [90m[1m_update_scan_actions[22m | operative.png[39m[0m
[  66% ] [90m[1m_update_scan_actions[22m | fusion-pixel-12px-proportional-zh_hans.otf[39m[0m
[  70% ] [90m[1m_update_scan_actions[22m | hud.png[39m[0m
[  74% ] [90m[1m_update_scan_actions[22m | life-empty.png[39m[0m
[  77% ] [90m[1m_update_scan_actions[22m | life-full.png[39m[0m
[  81% ] [90m[1m_update_scan_actions[22m | outcome-bottom.png[39m[0m
[  85% ] [90m[1m_update_scan_actions[22m | outcome-top.png[39m[0m
[  88% ] [90m[1m_update_scan_actions[22m | portrait.png[39m[0m
[  92% ] [90m[1m_update_scan_actions[22m | rifle.png[39m[0m
[92m[ DONE ][39m [1m_update_scan_actions[22m
[0m
[   0% ] [90m[1mreimport[22m | Started 正在导入或重新导入资产 (26 steps)[39m[0m
[   0% ] [90m[1mreimport[22m | 正在准备重新导入文件……[39m[0m
[   3% ] [90m[1mreimport[22m | 正在准备重新导入文件……[39m[0m
[   7% ] [90m[1mreimport[22m | 正在准备重新导入文件……[39m[0m
[  11% ] [90m[1mreimport[22m | 正在准备重新导入文件……[39m[0m
[  14% ] [90m[1mreimport[22m | 正在准备重新导入文件……[39m[0m
[  18% ] [90m[1mreimport[22m | 正在准备重新导入文件……[39m[0m
[  22% ] [90m[1mreimport[22m | 正在准备重新导入文件……[39m[0m
[  25% ] [90m[1mreimport[22m | 正在准备重新导入文件……[39m[0m
[  29% ] [90m[1mreimport[22m | 正在准备重新导入文件……[39m[0m
[  33% ] [90m[1mreimport[22m | 正在准备重新导入文件……[39m[0m
[  37% ] [90m[1mreimport[22m | 正在准备重新导入文件……[39m[0m
[  40% ] [90m[1mreimport[22m | 正在准备重新导入文件……[39m[0m
[  44% ] [90m[1mreimport[22m | 正在准备重新导入文件……[39m[0m
[  48% ] [90m[1mreimport[22m | 正在准备重新导入文件……[39m[0m
[  51% ] [90m[1mreimport[22m | 正在准备重新导入文件……[39m[0m
[  55% ] [90m[1mreimport[22m | 正在准备重新导入文件……[39m[0m
[  59% ] [90m[1mreimport[22m | 正在准备重新导入文件……[39m[0m
[  62% ] [90m[1mreimport[22m | 正在准备重新导入文件……[39m[0m
[  66% ] [90m[1mreimport[22m | 正在准备重新导入文件……[39m[0m
[  70% ] [90m[1mreimport[22m | 正在准备重新导入文件……[39m[0m
[  74% ] [90m[1mreimport[22m | 正在准备重新导入文件……[39m[0m
[  77% ] [90m[1mreimport[22m | 正在准备重新导入文件……[39m[0m
[  81% ] [90m[1mreimport[22m | 正在准备重新导入文件……[39m[0m
[  85% ] [90m[1mreimport[22m | 正在准备重新导入文件……[39m[0m
[  88% ] [90m[1mreimport[22m | 正在准备重新导入文件……[39m[0m
[  92% ] [90m[1mreimport[22m | 正在准备重新导入文件……[39m[0m
[   0% ] [90m[1mreimport[22m | 正在执行重新导入的前置操作……[39m[0m
[   0% ] [90m[1mreimport[22m | fusion-pixel-12px-proportional-zh_hans.otf[39m[0m
[   3% ] [90m[1mreimport[22m | fusion-pixel-12px-proportional-zh_hans.otf[39m[0m
[   7% ] [90m[1mreimport[22m | rifle.png[39m[0m
[  11% ] [90m[1mreimport[22m | portrait.png[39m[0m
[  14% ] [90m[1mreimport[22m | outcome-top.png[39m[0m
[  18% ] [90m[1mreimport[22m | outcome-bottom.png[39m[0m
[  22% ] [90m[1mreimport[22m | life-full.png[39m[0m
[  25% ] [90m[1mreimport[22m | life-empty.png[39m[0m
[  29% ] [90m[1mreimport[22m | hud.png[39m[0m
[  33% ] [90m[1mreimport[22m | operative.png[39m[0m
[  37% ] [90m[1mreimport[22m | mechanical_soldier.png[39m[0m
[  40% ] [90m[1mreimport[22m | hangar_mid.png[39m[0m
[  44% ] [90m[1mreimport[22m | hangar_far.png[39m[0m
[  48% ] [90m[1mreimport[22m | hangar_deck.png[39m[0m
[  51% ] [90m[1mreimport[22m | defense_mech.png[39m[0m
[  55% ] [90m[1mreimport[22m | base_tiles.png[39m[0m
[  59% ] [90m[1mreimport[22m | gate.png[39m[0m
[  62% ] [90m[1mreimport[22m | source.png[39m[0m
[  66% ] [90m[1mreimport[22m | fusion-pixel-12px-proportional-zh_hans.otf[39m[0m
[  70% ] [90m[1mreimport[22m | rifle.png[39m[0m
[  74% ] [90m[1mreimport[22m | portrait.png[39m[0m
[  77% ] [90m[1mreimport[22m | outcome-top.png[39m[0m
[  81% ] [90m[1mreimport[22m | outcome-bottom.png[39m[0m
[  85% ] [90m[1mreimport[22m | life-full.png[39m[0m
[  88% ] [90m[1mreimport[22m | life-empty.png[39m[0m
[  92% ] [90m[1mreimport[22m | hud.png[39m[0m
[  96% ] [90m[1mreimport[22m | 正在结束资产导入……[39m[0m
[92m[ DONE ][39m [1mreimport[22m
[0m
[   0% ] [90m[1mreimport[22m | Started 正在导入或重新导入资产 (26 steps)[39m[0m
[   0% ] [90m[1mreimport[22m | 正在执行重新导入的后置操作……[39m[0m
[92m[ DONE ][39m [1mreimport[22m
[0m
[   0% ] [90m[1mloading_editor_layout[22m | Started 正在加载编辑器 (5 steps)[39m[0m
[   0% ] [90m[1mloading_editor_layout[22m | 正在加载编辑器布局……[39m[0m
[  16% ] [90m[1mloading_editor_layout[22m | 正在加载停靠面板……[39m[0m
[92m[ DONE ][39m [1mloading_editor_layout[22m
[0m
